******************************************************************************
                  TI ARM Linker PC v5.0.5                      
******************************************************************************
>> Linked Wed Sep 24 00:06:22 2014

OUTPUT FILE NAME:   <tismartbin.out>
ENTRY POINT SYMBOL: "_c_int00"  address: 00000791


MEMORY CONFIGURATION

         name            origin    length      used     unused   attr    fill
----------------------  --------  ---------  --------  --------  ----  --------
  FLASH                 00000000   00040000  0000094c  0003f6b4  R  X
  SRAM                  20000000   00008000  00000119  00007ee7  RW X


SEGMENT ALLOCATION MAP

run origin  load origin   length   init length attrs members
----------  ----------- ---------- ----------- ----- -------
00000000    00000000    0000094c   0000094c    r-x
  00000000    00000000    0000026c   0000026c    r-- .intvecs
  0000026c    0000026c    000006bc   000006bc    r-x .text
  00000928    00000928    00000024   00000024    r-- .cinit
20000000    20000000    00000100   00000000    rw-
  20000000    20000000    00000100   00000000    rw- .stack
20000100    20000100    00000019   00000019    rw-
  20000100    20000100    00000019   00000019    rw- .data


SECTION ALLOCATION MAP

 output                                  attributes/
section   page    origin      length       input sections
--------  ----  ----------  ----------   ----------------
.intvecs   0    00000000    0000026c     
                  00000000    0000026c     startup_ccs.obj (.intvecs)

.init_array 
*          0    00000000    00000000     UNINITIALIZED

.text      0    0000026c    000006bc     
                  0000026c    00000130     driverlib.lib : gpio.obj (.text:GPIOPadConfigSet)
                  0000039c    000000f0                   : sysctl.obj (.text:SysCtlClockSet)
                  0000048c    000000a8     main.obj (.text:main)
                  00000534    0000009c     rtsv7M4_T_le_v4SPD16_eabi.lib : memcpy_t2.obj (.text)
                  000005d0    00000094                                   : auto_init.obj (.text)
                  00000664    0000006c     buttons.obj (.text:ButtonsPoll)
                  000006d0    00000060     buttons.obj (.text:ButtonsInit)
                  00000730    0000005e     rtsv7M4_T_le_v4SPD16_eabi.lib : copy_decompress_rle.obj (.text)
                  0000078e    00000002     startup_ccs.obj (.text:FaultISR)
                  00000790    00000048     rtsv7M4_T_le_v4SPD16_eabi.lib : boot.obj (.text)
                  000007d8    00000044                                   : cpy_tbl.obj (.text)
                  0000081c    00000040                                   : exit.obj (.text)
                  0000085c    00000034     driverlib.lib : sysctl.obj (.text:SysCtlPeripheralEnable)
                  00000890    0000002a                   : gpio.obj (.text:GPIODirModeSet)
                  000008ba    00000018                   : gpio.obj (.text:GPIOPinTypeGPIOOutput)
                  000008d2    00000002     startup_ccs.obj (.text:IntDefaultHandler)
                  000008d4    00000018     rtsv7M4_T_le_v4SPD16_eabi.lib : args_main.obj (.text)
                  000008ec    00000014                                   : _lock.obj (.text)
                  00000900    0000000e                                   : copy_decompress_none.obj (.text:decompress:none)
                  0000090e    00000006     driverlib.lib : gpio.obj (.text:GPIOPinWrite)
                  00000914    00000006     startup_ccs.obj (.text:ResetISR)
                  0000091a    00000006     driverlib.lib : sysctl.obj (.text:SysCtlDelay)
                  00000920    00000006     rtsv7M4_T_le_v4SPD16_eabi.lib : copy_decompress_rle.obj (.text:decompress:rle24)
                  00000926    00000002     startup_ccs.obj (.text:NmiSR)

.cinit     0    00000928    00000024     
                  00000928    00000013     (.cinit..data.load) [load image, compression = rle]
                  0000093b    00000001     --HOLE-- [fill = 0]
                  0000093c    00000008     (__TI_handler_table)
                  00000944    00000008     (__TI_cinit_table)

.stack     0    20000000    00000100     UNINITIALIZED
                  20000000    00000100     --HOLE--

.data      0    20000100    00000019     
                  20000100    00000008     rtsv7M4_T_le_v4SPD16_eabi.lib : _lock.obj (.data)
                  20000108    00000008                                   : exit.obj (.data)
                  20000110    00000004                                   : stkdepth_vars.obj (.data)
                  20000114    00000003     buttons.obj (.data)
                  20000117    00000002     main.obj (.data)


LINKER GENERATED COPY TABLES

__TI_cinit_table @ 00000944 records: 1, size/record: 8, table size: 8
	.data: load addr=00000928, load size=00000013 bytes, run addr=20000100, run size=00000019 bytes, compression=rle


LINKER GENERATED HANDLER TABLE

__TI_handler_table @ 0000093c records: 2, size/record: 4, table size: 8
	index: 0, handler: __TI_decompress_rle24
	index: 1, handler: __TI_decompress_none


GLOBAL SYMBOLS: SORTED ALPHABETICALLY BY Name 

address    name
--------   ----
000006d1   ButtonsInit
00000665   ButtonsPoll
0000081d   C$$EXIT
00000891   GPIODirModeSet
0000026d   GPIOPadConfigSet
000008bb   GPIOPinTypeGPIOOutput
0000090f   GPIOPinWrite
00000915   ResetISR
UNDEFED    SHT$$INIT_ARRAY$$Base
UNDEFED    SHT$$INIT_ARRAY$$Limit
0000039d   SysCtlClockSet
0000091b   SysCtlDelay
0000085d   SysCtlPeripheralEnable
20000100   __STACK_END
00000100   __STACK_SIZE
20000100   __STACK_TOP
00000944   __TI_CINIT_Base
0000094c   __TI_CINIT_Limit
0000093c   __TI_Handler_Table_Base
00000944   __TI_Handler_Table_Limit
00000001   __TI_args_main
000005d1   __TI_auto_init
00000901   __TI_decompress_none
00000921   __TI_decompress_rle24
00000000   __TI_static_base__
00000535   __aeabi_memcpy
00000535   __aeabi_memcpy4
00000535   __aeabi_memcpy8
ffffffff   __binit__
ffffffff   __c_args__
20000000   __stack
000008d5   _args_main
00000791   _c_int00
20000108   _cleanup_ptr
2000010c   _dtors_ptr
20000100   _lock
000008fb   _nop
000008f3   _register_lock
000008ed   _register_unlock
20000104   _unlock
00000821   abort
ffffffff   binit
000007d9   copy_in
00000829   exit
00000000   g_pfnVectors
20000118   isCalibrating
20000117   isRunning
0000048d   main
20000110   main_func_sp
00000535   memcpy


GLOBAL SYMBOLS: SORTED BY Symbol Address 

address    name
--------   ----
00000000   __TI_static_base__
00000000   g_pfnVectors
00000001   __TI_args_main
00000100   __STACK_SIZE
0000026d   GPIOPadConfigSet
0000039d   SysCtlClockSet
0000048d   main
00000535   __aeabi_memcpy
00000535   __aeabi_memcpy4
00000535   __aeabi_memcpy8
00000535   memcpy
000005d1   __TI_auto_init
00000665   ButtonsPoll
000006d1   ButtonsInit
00000791   _c_int00
000007d9   copy_in
0000081d   C$$EXIT
00000821   abort
00000829   exit
0000085d   SysCtlPeripheralEnable
00000891   GPIODirModeSet
000008bb   GPIOPinTypeGPIOOutput
000008d5   _args_main
000008ed   _register_unlock
000008f3   _register_lock
000008fb   _nop
00000901   __TI_decompress_none
0000090f   GPIOPinWrite
00000915   ResetISR
0000091b   SysCtlDelay
00000921   __TI_decompress_rle24
0000093c   __TI_Handler_Table_Base
00000944   __TI_CINIT_Base
00000944   __TI_Handler_Table_Limit
0000094c   __TI_CINIT_Limit
20000000   __stack
20000100   __STACK_END
20000100   __STACK_TOP
20000100   _lock
20000104   _unlock
20000108   _cleanup_ptr
2000010c   _dtors_ptr
20000110   main_func_sp
20000117   isRunning
20000118   isCalibrating
ffffffff   __binit__
ffffffff   __c_args__
ffffffff   binit
UNDEFED    SHT$$INIT_ARRAY$$Base
UNDEFED    SHT$$INIT_ARRAY$$Limit

[50 symbols]
